<html>
<body>
<pre>
<h1>µVision Build Log</h1>
<h2>Tool Versions:</h2>
IDE-Version: ¦ÌVision V5.43.1.0
Copyright (C) 2025 ARM Ltd and ARM Germany GmbH. All rights reserved.
License Information: Z Administrator, ZZ, LIC=----
 
Tool Versions:
Toolchain:       MDK-Lite  Version: 5.43.0.0
Toolchain Path:  C:\Keil_v5\ARM\ARMCC\Bin
C Compiler:      Armcc.exe V5.06 update 6 (build 750)
Assembler:       Armasm.exe V5.06 update 6 (build 750)
Linker/Locator:  ArmLink.exe V5.06 update 6 (build 750)
Library Manager: ArmAr.exe V5.06 update 6 (build 750)
Hex Converter:   FromElf.exe V5.06 update 6 (build 750)
CPU DLL:         SARMCM3.DLL V5.43.0.0
Dialog DLL:      DARMCM1.DLL V1.19.6.0
Target DLL:      Segger\JL2CM3.dll V2.99.45.0
Dialog DLL:      TARMCM1.DLL V1.14.6.0
 
<h2>Project:</h2>
C:\Users\Administrator\Desktop\Embeded Test\fire-alarm\mdk\fire-alarm.uvprojx
Project File Date:  05/27/2026

<h2>Output:</h2>
*** Using Compiler 'V5.06 update 6 (build 750)', folder: 'C:\Keil_v5\ARM\ARMCC\Bin'
Rebuild target 'fire-alarm'
assembling startup_hc32l110.s...
compiling pattern_engine.c...
compiling pattern_table.c...
compiling alarm_light.c...
compiling alarm_sound.c...
compiling test_protocol.c...
compiling system_hc32l110.c...
compiling pwm_drv.c...
compiling uart_drv.c...
compiling gpio_drv.c...
compiling timer_drv.c...
compiling main.c...
..\src\main.c(121): warning:  #177-D: variable "rx_buf"  was declared but never referenced
      uint8_t  rx_buf[16];
..\src\main.c: 1 warning, 0 errors
compiling ddl.c...
compiling gpio.c...
compiling uart.c...
compiling interrupts_hc32l110.c...
compiling clk.c...
compiling adt.c...
linking...
Program Size: Code=9784 RO-data=1348 RW-data=56 ZI-data=832  
FromELF: creating hex file...
".\output\fire-alarm.axf" - 0 Error(s), 1 Warning(s).

<h2>Software Packages used:</h2>

Package Vendor: ARM
                https://www.keil.com/pack/ARM.CMSIS.6.3.0.pack
                ARM::CMSIS@6.3.0
                CMSIS (Common Microcontroller Software Interface Standard)
   * Component: CORE Version: 6.2.0

Package Vendor: HDSC
                https://raw.githubusercontent.com/hdscmcu/pack/master/HDSC.HC32L110.1.0.3.pack
                HDSC::HC32L110@1.0.3
                HC32L110 ARM Cortex-M0+ Device Family Pack

<h2>Collection of Component include folders:</h2>
  ./RTE/_fire-alarm
  C:/Users/Administrator/AppData/Local/Arm/Packs/ARM/CMSIS/6.3.0/CMSIS/Core/Include
  C:/Users/Administrator/AppData/Local/Arm/Packs/HDSC/HC32L110/1.0.3/Device/Include

<h2>Collection of Component Files used:</h2>

   * Component: ARM::CMSIS:CORE@6.2.0
Build Time Elapsed:  00:00:02
</pre>
</body>
</html>
