14:45:18 **** Rebuild of configuration Debug for project adc_tim2_scan_irq_sw ****
Info: Internal Builder is used for build
arm-none-eabi-gcc -mcpu=cortex-m0plus -mthumb -mthumb-interwork -Os -fmessage-length=0 -fsigned-char -ffunction-sections -fdata-sections -Wall -g3 "-ID:\\project\\客诉\\HC32L110_DDL_Rev1.3.1\\driver\\inc" "-ID:\\project\\客诉\\HC32L110_DDL_Rev1.3.1\\mcu\\CMSIS\\Core\\Include" "-ID:\\project\\客诉\\HC32L110_DDL_Rev1.3.1\\example\\adc\\adc_tim2_scan_irq_sw\\source" "-ID:\\project\\客诉\\HC32L110_DDL_Rev1.3.1\\mcu\\common" -std=gnu99 -c -o "DRIVER\\src\\reset.o" "..\\..\\..\\..\\..\\..\\HC32L110_DDL_Rev1.3.1\\driver\\src\\reset.c" 
arm-none-eabi-gcc -mcpu=cortex-m0plus -mthumb -mthumb-interwork -Os -fmessage-length=0 -fsigned-char -ffunction-sections -fdata-sections -Wall -g3 "-ID:\\project\\客诉\\HC32L110_DDL_Rev1.3.1\\driver\\inc" "-ID:\\project\\客诉\\HC32L110_DDL_Rev1.3.1\\mcu\\CMSIS\\Core\\Include" "-ID:\\project\\客诉\\HC32L110_DDL_Rev1.3.1\\example\\adc\\adc_tim2_scan_irq_sw\\source" "-ID:\\project\\客诉\\HC32L110_DDL_Rev1.3.1\\mcu\\common" -std=gnu99 -c -o "DRIVER\\src\\crc.o" "..\\..\\..\\..\\..\\..\\HC32L110_DDL_Rev1.3.1\\driver\\src\\crc.c" 
arm-none-eabi-gcc -mcpu=cortex-m0plus -mthumb -mthumb-interwork -Os -fmessage-length=0 -fsigned-char -ffunction-sections -fdata-sections -Wall -g3 "-ID:\\project\\客诉\\HC32L110_DDL_Rev1.3.1\\driver\\inc" "-ID:\\project\\客诉\\HC32L110_DDL_Rev1.3.1\\mcu\\CMSIS\\Core\\Include" "-ID:\\project\\客诉\\HC32L110_DDL_Rev1.3.1\\example\\adc\\adc_tim2_scan_irq_sw\\source" "-ID:\\project\\客诉\\HC32L110_DDL_Rev1.3.1\\mcu\\common" -std=gnu99 -c -o "DRIVER\\src\\bt.o" "..\\..\\..\\..\\..\\..\\HC32L110_DDL_Rev1.3.1\\driver\\src\\bt.c" 
arm-none-eabi-gcc -mcpu=cortex-m0plus -mthumb -mthumb-interwork -Os -fmessage-length=0 -fsigned-char -ffunction-sections -fdata-sections -Wall -g3 "-ID:\\project\\客诉\\HC32L110_DDL_Rev1.3.1\\driver\\inc" "-ID:\\project\\客诉\\HC32L110_DDL_Rev1.3.1\\mcu\\CMSIS\\Core\\Include" "-ID:\\project\\客诉\\HC32L110_DDL_Rev1.3.1\\example\\adc\\adc_tim2_scan_irq_sw\\source" "-ID:\\project\\客诉\\HC32L110_DDL_Rev1.3.1\\mcu\\common" -std=gnu99 -c -o "DRIVER\\src\\adt.o" "..\\..\\..\\..\\..\\..\\HC32L110_DDL_Rev1.3.1\\driver\\src\\adt.c" 
arm-none-eabi-gcc -mcpu=cortex-m0plus -mthumb -mthumb-interwork -Os -fmessage-length=0 -fsigned-char -ffunction-sections -fdata-sections -Wall -g3 "-ID:\\project\\客诉\\HC32L110_DDL_Rev1.3.1\\driver\\inc" "-ID:\\project\\客诉\\HC32L110_DDL_Rev1.3.1\\mcu\\CMSIS\\Core\\Include" "-ID:\\project\\客诉\\HC32L110_DDL_Rev1.3.1\\example\\adc\\adc_tim2_scan_irq_sw\\source" "-ID:\\project\\客诉\\HC32L110_DDL_Rev1.3.1\\mcu\\common" -std=gnu99 -c -o "DRIVER\\src\\wdt.o" "..\\..\\..\\..\\..\\..\\HC32L110_DDL_Rev1.3.1\\driver\\src\\wdt.c" 
arm-none-eabi-gcc -mcpu=cortex-m0plus -mthumb -mthumb-interwork -Os -fmessage-length=0 -fsigned-char -ffunction-sections -fdata-sections -Wall -g3 "-ID:\\project\\客诉\\HC32L110_DDL_Rev1.3.1\\driver\\inc" "-ID:\\project\\客诉\\HC32L110_DDL_Rev1.3.1\\mcu\\CMSIS\\Core\\Include" "-ID:\\project\\客诉\\HC32L110_DDL_Rev1.3.1\\example\\adc\\adc_tim2_scan_irq_sw\\source" "-ID:\\project\\客诉\\HC32L110_DDL_Rev1.3.1\\mcu\\common" -std=gnu99 -c -o "DRIVER\\src\\clk.o" "..\\..\\..\\..\\..\\..\\HC32L110_DDL_Rev1.3.1\\driver\\src\\clk.c" 
arm-none-eabi-gcc -mcpu=cortex-m0plus -mthumb -mthumb-interwork -Os -fmessage-length=0 -fsigned-char -ffunction-sections -fdata-sections -Wall -g3 "-ID:\\project\\客诉\\HC32L110_DDL_Rev1.3.1\\driver\\inc" "-ID:\\project\\客诉\\HC32L110_DDL_Rev1.3.1\\mcu\\CMSIS\\Core\\Include" "-ID:\\project\\客诉\\HC32L110_DDL_Rev1.3.1\\example\\adc\\adc_tim2_scan_irq_sw\\source" "-ID:\\project\\客诉\\HC32L110_DDL_Rev1.3.1\\mcu\\common" -std=gnu99 -c -o "DRIVER\\src\\trim.o" "..\\..\\..\\..\\..\\..\\HC32L110_DDL_Rev1.3.1\\driver\\src\\trim.c" 
arm-none-eabi-gcc -mcpu=cortex-m0plus -mthumb -mthumb-interwork -Os -fmessage-length=0 -fsigned-char -ffunction-sections -fdata-sections -Wall -g3 "-ID:\\project\\客诉\\HC32L110_DDL_Rev1.3.1\\driver\\inc" "-ID:\\project\\客诉\\HC32L110_DDL_Rev1.3.1\\mcu\\CMSIS\\Core\\Include" "-ID:\\project\\客诉\\HC32L110_DDL_Rev1.3.1\\example\\adc\\adc_tim2_scan_irq_sw\\source" "-ID:\\project\\客诉\\HC32L110_DDL_Rev1.3.1\\mcu\\common" -std=gnu99 -c -o "DRIVER\\src\\gpio.o" "..\\..\\..\\..\\..\\..\\HC32L110_DDL_Rev1.3.1\\driver\\src\\gpio.c" 
arm-none-eabi-gcc -mcpu=cortex-m0plus -mthumb -mthumb-interwork -Os -fmessage-length=0 -fsigned-char -ffunction-sections -fdata-sections -Wall -g3 "-ID:\\project\\客诉\\HC32L110_DDL_Rev1.3.1\\driver\\inc" "-ID:\\project\\客诉\\HC32L110_DDL_Rev1.3.1\\mcu\\CMSIS\\Core\\Include" "-ID:\\project\\客诉\\HC32L110_DDL_Rev1.3.1\\example\\adc\\adc_tim2_scan_irq_sw\\source" "-ID:\\project\\客诉\\HC32L110_DDL_Rev1.3.1\\mcu\\common" -std=gnu99 -c -o "DRIVER\\src\\spi.o" "..\\..\\..\\..\\..\\..\\HC32L110_DDL_Rev1.3.1\\driver\\src\\spi.c" 
arm-none-eabi-gcc -mcpu=cortex-m0plus -mthumb -mthumb-interwork -Os -fmessage-length=0 -fsigned-char -ffunction-sections -fdata-sections -Wall -g3 "-ID:\\project\\客诉\\HC32L110_DDL_Rev1.3.1\\driver\\inc" "-ID:\\project\\客诉\\HC32L110_DDL_Rev1.3.1\\mcu\\CMSIS\\Core\\Include" "-ID:\\project\\客诉\\HC32L110_DDL_Rev1.3.1\\example\\adc\\adc_tim2_scan_irq_sw\\source" "-ID:\\project\\客诉\\HC32L110_DDL_Rev1.3.1\\mcu\\common" -std=gnu99 -c -o "DRIVER\\src\\ddl.o" "..\\..\\..\\..\\..\\..\\HC32L110_DDL_Rev1.3.1\\driver\\src\\ddl.c" 
arm-none-eabi-gcc -mcpu=cortex-m0plus -mthumb -mthumb-interwork -Os -fmessage-length=0 -fsigned-char -ffunction-sections -fdata-sections -Wall -g3 "-ID:\\project\\客诉\\HC32L110_DDL_Rev1.3.1\\driver\\inc" "-ID:\\project\\客诉\\HC32L110_DDL_Rev1.3.1\\mcu\\CMSIS\\Core\\Include" "-ID:\\project\\客诉\\HC32L110_DDL_Rev1.3.1\\example\\adc\\adc_tim2_scan_irq_sw\\source" "-ID:\\project\\客诉\\HC32L110_DDL_Rev1.3.1\\mcu\\common" -std=gnu99 -c -o "DRIVER\\src\\rtc.o" "..\\..\\..\\..\\..\\..\\HC32L110_DDL_Rev1.3.1\\driver\\src\\rtc.c" 
..\..\..\..\..\..\HC32L110_DDL_Rev1.3.1\driver\src\rtc.c: In function 'Rtc_CheckDateTimeFormat':
..\..\..\..\..\..\HC32L110_DDL_Rev1.3.1\driver\src\rtc.c:449:22: warning: '<<' in boolean context, did you mean '<'? [-Wint-in-bool-context]
  449 |         if(u8Mode&&(1<<u8i))
      |                    ~~^~~~~~
arm-none-eabi-gcc -mcpu=cortex-m0plus -mthumb -mthumb-interwork -Os -fmessage-length=0 -fsigned-char -ffunction-sections -fdata-sections -Wall -g3 "-ID:\\project\\客诉\\HC32L110_DDL_Rev1.3.1\\driver\\inc" "-ID:\\project\\客诉\\HC32L110_DDL_Rev1.3.1\\mcu\\CMSIS\\Core\\Include" "-ID:\\project\\客诉\\HC32L110_DDL_Rev1.3.1\\example\\adc\\adc_tim2_scan_irq_sw\\source" "-ID:\\project\\客诉\\HC32L110_DDL_Rev1.3.1\\mcu\\common" -std=gnu99 -c -o "SOURCE\\main.o" "..\\..\\..\\..\\..\\..\\HC32L110_DDL_Rev1.3.1\\example\\adc\\adc_tim2_scan_irq_sw\\source\\main.c" 
..\..\..\..\..\..\HC32L110_DDL_Rev1.3.1\example\adc\adc_tim2_scan_irq_sw\source\main.c:130:9: warning: return type of 'main' is not 'int' [-Wmain]
  130 | int32_t main(void)
      |         ^~~~
arm-none-eabi-gcc -mcpu=cortex-m0plus -mthumb -mthumb-interwork -Os -fmessage-length=0 -fsigned-char -ffunction-sections -fdata-sections -Wall -g3 "-ID:\\project\\客诉\\HC32L110_DDL_Rev1.3.1\\driver\\inc" "-ID:\\project\\客诉\\HC32L110_DDL_Rev1.3.1\\mcu\\CMSIS\\Core\\Include" "-ID:\\project\\客诉\\HC32L110_DDL_Rev1.3.1\\example\\adc\\adc_tim2_scan_irq_sw\\source" "-ID:\\project\\客诉\\HC32L110_DDL_Rev1.3.1\\mcu\\common" -std=gnu99 -c -o "DRIVER\\src\\uart.o" "..\\..\\..\\..\\..\\..\\HC32L110_DDL_Rev1.3.1\\driver\\src\\uart.c" 
arm-none-eabi-gcc -mcpu=cortex-m0plus -mthumb -mthumb-interwork -Os -fmessage-length=0 -fsigned-char -ffunction-sections -fdata-sections -Wall -g3 "-ID:\\project\\客诉\\HC32L110_DDL_Rev1.3.1\\driver\\inc" "-ID:\\project\\客诉\\HC32L110_DDL_Rev1.3.1\\mcu\\CMSIS\\Core\\Include" "-ID:\\project\\客诉\\HC32L110_DDL_Rev1.3.1\\example\\adc\\adc_tim2_scan_irq_sw\\source" "-ID:\\project\\客诉\\HC32L110_DDL_Rev1.3.1\\mcu\\common" -std=gnu99 -c -o "DRIVER\\src\\i2c.o" "..\\..\\..\\..\\..\\..\\HC32L110_DDL_Rev1.3.1\\driver\\src\\i2c.c" 
arm-none-eabi-gcc -mcpu=cortex-m0plus -mthumb -mthumb-interwork -Os -fmessage-length=0 -fsigned-char -ffunction-sections -fdata-sections -Wall -g3 -x assembler-with-cpp -c -o "GCC\\startup_hc32L110.o" "..\\..\\..\\..\\..\\..\\HC32L110_DDL_Rev1.3.1\\mcu\\GCC\\startup_hc32L110.S" 
arm-none-eabi-gcc -mcpu=cortex-m0plus -mthumb -mthumb-interwork -Os -fmessage-length=0 -fsigned-char -ffunction-sections -fdata-sections -Wall -g3 "-ID:\\project\\客诉\\HC32L110_DDL_Rev1.3.1\\driver\\inc" "-ID:\\project\\客诉\\HC32L110_DDL_Rev1.3.1\\mcu\\CMSIS\\Core\\Include" "-ID:\\project\\客诉\\HC32L110_DDL_Rev1.3.1\\example\\adc\\adc_tim2_scan_irq_sw\\source" "-ID:\\project\\客诉\\HC32L110_DDL_Rev1.3.1\\mcu\\common" -std=gnu99 -c -o "DRIVER\\src\\interrupts_hc32l110.o" "..\\..\\..\\..\\..\\..\\HC32L110_DDL_Rev1.3.1\\driver\\src\\interrupts_hc32l110.c" 
arm-none-eabi-gcc -mcpu=cortex-m0plus -mthumb -mthumb-interwork -Os -fmessage-length=0 -fsigned-char -ffunction-sections -fdata-sections -Wall -g3 "-ID:\\project\\客诉\\HC32L110_DDL_Rev1.3.1\\driver\\inc" "-ID:\\project\\客诉\\HC32L110_DDL_Rev1.3.1\\mcu\\CMSIS\\Core\\Include" "-ID:\\project\\客诉\\HC32L110_DDL_Rev1.3.1\\example\\adc\\adc_tim2_scan_irq_sw\\source" "-ID:\\project\\客诉\\HC32L110_DDL_Rev1.3.1\\mcu\\common" -std=gnu99 -c -o "DRIVER\\src\\lvd.o" "..\\..\\..\\..\\..\\..\\HC32L110_DDL_Rev1.3.1\\driver\\src\\lvd.c" 
arm-none-eabi-gcc -mcpu=cortex-m0plus -mthumb -mthumb-interwork -Os -fmessage-length=0 -fsigned-char -ffunction-sections -fdata-sections -Wall -g3 "-ID:\\project\\客诉\\HC32L110_DDL_Rev1.3.1\\driver\\inc" "-ID:\\project\\客诉\\HC32L110_DDL_Rev1.3.1\\mcu\\CMSIS\\Core\\Include" "-ID:\\project\\客诉\\HC32L110_DDL_Rev1.3.1\\example\\adc\\adc_tim2_scan_irq_sw\\source" "-ID:\\project\\客诉\\HC32L110_DDL_Rev1.3.1\\mcu\\common" -std=gnu99 -c -o "DRIVER\\src\\pca.o" "..\\..\\..\\..\\..\\..\\HC32L110_DDL_Rev1.3.1\\driver\\src\\pca.c" 
arm-none-eabi-gcc -mcpu=cortex-m0plus -mthumb -mthumb-interwork -Os -fmessage-length=0 -fsigned-char -ffunction-sections -fdata-sections -Wall -g3 "-ID:\\project\\客诉\\HC32L110_DDL_Rev1.3.1\\driver\\inc" "-ID:\\project\\客诉\\HC32L110_DDL_Rev1.3.1\\mcu\\CMSIS\\Core\\Include" "-ID:\\project\\客诉\\HC32L110_DDL_Rev1.3.1\\example\\adc\\adc_tim2_scan_irq_sw\\source" "-ID:\\project\\客诉\\HC32L110_DDL_Rev1.3.1\\mcu\\common" -std=gnu99 -c -o "DRIVER\\src\\lpuart.o" "..\\..\\..\\..\\..\\..\\HC32L110_DDL_Rev1.3.1\\driver\\src\\lpuart.c" 
arm-none-eabi-gcc -mcpu=cortex-m0plus -mthumb -mthumb-interwork -Os -fmessage-length=0 -fsigned-char -ffunction-sections -fdata-sections -Wall -g3 "-ID:\\project\\客诉\\HC32L110_DDL_Rev1.3.1\\driver\\inc" "-ID:\\project\\客诉\\HC32L110_DDL_Rev1.3.1\\mcu\\CMSIS\\Core\\Include" "-ID:\\project\\客诉\\HC32L110_DDL_Rev1.3.1\\example\\adc\\adc_tim2_scan_irq_sw\\source" "-ID:\\project\\客诉\\HC32L110_DDL_Rev1.3.1\\mcu\\common" -std=gnu99 -c -o "COMMON\\system_hc32l110.o" "..\\..\\..\\..\\..\\..\\HC32L110_DDL_Rev1.3.1\\mcu\\common\\system_hc32l110.c" 
arm-none-eabi-gcc -mcpu=cortex-m0plus -mthumb -mthumb-interwork -Os -fmessage-length=0 -fsigned-char -ffunction-sections -fdata-sections -Wall -g3 "-ID:\\project\\客诉\\HC32L110_DDL_Rev1.3.1\\driver\\inc" "-ID:\\project\\客诉\\HC32L110_DDL_Rev1.3.1\\mcu\\CMSIS\\Core\\Include" "-ID:\\project\\客诉\\HC32L110_DDL_Rev1.3.1\\example\\adc\\adc_tim2_scan_irq_sw\\source" "-ID:\\project\\客诉\\HC32L110_DDL_Rev1.3.1\\mcu\\common" -std=gnu99 -c -o "DRIVER\\src\\lpt.o" "..\\..\\..\\..\\..\\..\\HC32L110_DDL_Rev1.3.1\\driver\\src\\lpt.c" 
arm-none-eabi-gcc -mcpu=cortex-m0plus -mthumb -mthumb-interwork -Os -fmessage-length=0 -fsigned-char -ffunction-sections -fdata-sections -Wall -g3 "-ID:\\project\\客诉\\HC32L110_DDL_Rev1.3.1\\driver\\inc" "-ID:\\project\\客诉\\HC32L110_DDL_Rev1.3.1\\mcu\\CMSIS\\Core\\Include" "-ID:\\project\\客诉\\HC32L110_DDL_Rev1.3.1\\example\\adc\\adc_tim2_scan_irq_sw\\source" "-ID:\\project\\客诉\\HC32L110_DDL_Rev1.3.1\\mcu\\common" -std=gnu99 -c -o "DRIVER\\src\\vc.o" "..\\..\\..\\..\\..\\..\\HC32L110_DDL_Rev1.3.1\\driver\\src\\vc.c" 
arm-none-eabi-gcc -mcpu=cortex-m0plus -mthumb -mthumb-interwork -Os -fmessage-length=0 -fsigned-char -ffunction-sections -fdata-sections -Wall -g3 "-ID:\\project\\客诉\\HC32L110_DDL_Rev1.3.1\\driver\\inc" "-ID:\\project\\客诉\\HC32L110_DDL_Rev1.3.1\\mcu\\CMSIS\\Core\\Include" "-ID:\\project\\客诉\\HC32L110_DDL_Rev1.3.1\\example\\adc\\adc_tim2_scan_irq_sw\\source" "-ID:\\project\\客诉\\HC32L110_DDL_Rev1.3.1\\mcu\\common" -std=gnu99 -c -o "DRIVER\\src\\flash.o" "..\\..\\..\\..\\..\\..\\HC32L110_DDL_Rev1.3.1\\driver\\src\\flash.c" 
arm-none-eabi-gcc -mcpu=cortex-m0plus -mthumb -mthumb-interwork -Os -fmessage-length=0 -fsigned-char -ffunction-sections -fdata-sections -Wall -g3 "-ID:\\project\\客诉\\HC32L110_DDL_Rev1.3.1\\driver\\inc" "-ID:\\project\\客诉\\HC32L110_DDL_Rev1.3.1\\mcu\\CMSIS\\Core\\Include" "-ID:\\project\\客诉\\HC32L110_DDL_Rev1.3.1\\example\\adc\\adc_tim2_scan_irq_sw\\source" "-ID:\\project\\客诉\\HC32L110_DDL_Rev1.3.1\\mcu\\common" -std=gnu99 -c -o "DRIVER\\src\\lpm.o" "..\\..\\..\\..\\..\\..\\HC32L110_DDL_Rev1.3.1\\driver\\src\\lpm.c" 
arm-none-eabi-gcc -mcpu=cortex-m0plus -mthumb -mthumb-interwork -Os -fmessage-length=0 -fsigned-char -ffunction-sections -fdata-sections -Wall -g3 "-ID:\\project\\客诉\\HC32L110_DDL_Rev1.3.1\\driver\\inc" "-ID:\\project\\客诉\\HC32L110_DDL_Rev1.3.1\\mcu\\CMSIS\\Core\\Include" "-ID:\\project\\客诉\\HC32L110_DDL_Rev1.3.1\\example\\adc\\adc_tim2_scan_irq_sw\\source" "-ID:\\project\\客诉\\HC32L110_DDL_Rev1.3.1\\mcu\\common" -std=gnu99 -c -o "DRIVER\\src\\adc.o" "..\\..\\..\\..\\..\\..\\HC32L110_DDL_Rev1.3.1\\driver\\src\\adc.c" 
arm-none-eabi-gcc -mcpu=cortex-m0plus -mthumb -mthumb-interwork -Os -fmessage-length=0 -fsigned-char -ffunction-sections -fdata-sections -Wall -g3 -T "D:\\project\\客诉\\HC32L110_DDL_Rev1.3.1\\mcu\\GCC\\HC32L110.ld" -Xlinker --gc-sections -Wl,-Map,adc_tim2_scan_irq_sw.map --specs=nano.specs --specs=nosys.specs -o adc_tim2_scan_irq_sw.elf "COMMON\\system_hc32l110.o" "DRIVER\\src\\adc.o" "DRIVER\\src\\adt.o" "DRIVER\\src\\bt.o" "DRIVER\\src\\clk.o" "DRIVER\\src\\crc.o" "DRIVER\\src\\ddl.o" "DRIVER\\src\\flash.o" "DRIVER\\src\\gpio.o" "DRIVER\\src\\i2c.o" "DRIVER\\src\\interrupts_hc32l110.o" "DRIVER\\src\\lpm.o" "DRIVER\\src\\lpt.o" "DRIVER\\src\\lpuart.o" "DRIVER\\src\\lvd.o" "DRIVER\\src\\pca.o" "DRIVER\\src\\reset.o" "DRIVER\\src\\rtc.o" "DRIVER\\src\\spi.o" "DRIVER\\src\\trim.o" "DRIVER\\src\\uart.o" "DRIVER\\src\\vc.o" "DRIVER\\src\\wdt.o" "GCC\\startup_hc32L110.o" "SOURCE\\main.o" 
arm-none-eabi-objcopy -O ihex adc_tim2_scan_irq_sw.elf adc_tim2_scan_irq_sw.hex 
arm-none-eabi-size --format=berkeley adc_tim2_scan_irq_sw.elf 
   text	   data	    bss	    dec	    hex	filename
   4700	     52	    836	   5588	   15d4	adc_tim2_scan_irq_sw.elf

14:45:25 Build Finished. 0 errors, 2 warnings. (took 6s.766ms)

