16:34:24 **** Rebuild of configuration Debug for project crc ****
Info: Internal Builder is used for build
arm-none-eabi-gcc -mcpu=cortex-m0plus -mthumb -mthumb-interwork -Os -fmessage-length=0 -fsigned-char -ffunction-sections -fdata-sections -Wall -g3 "-ID:\\project\\客诉\\HC32L110_DDL_Rev1.2.1_\\driver\\inc" "-ID:\\project\\客诉\\HC32L110_DDL_Rev1.2.1_\\mcu\\CMSIS\\Core\\Include" "-ID:\\project\\客诉\\HC32L110_DDL_Rev1.2.1_\\example\\crc\\source" "-ID:\\project\\客诉\\HC32L110_DDL_Rev1.2.1_\\mcu\\common" -std=gnu99 -c -o "COMMON\\system_hc32l110.o" "..\\..\\..\\..\\mcu\\common\\system_hc32l110.c" 
arm-none-eabi-gcc -mcpu=cortex-m0plus -mthumb -mthumb-interwork -Os -fmessage-length=0 -fsigned-char -ffunction-sections -fdata-sections -Wall -g3 "-ID:\\project\\客诉\\HC32L110_DDL_Rev1.2.1_\\driver\\inc" "-ID:\\project\\客诉\\HC32L110_DDL_Rev1.2.1_\\mcu\\CMSIS\\Core\\Include" "-ID:\\project\\客诉\\HC32L110_DDL_Rev1.2.1_\\example\\crc\\source" "-ID:\\project\\客诉\\HC32L110_DDL_Rev1.2.1_\\mcu\\common" -std=gnu99 -c -o "DRIVER\\src\\flash.o" "..\\..\\..\\..\\driver\\src\\flash.c" 
arm-none-eabi-gcc -mcpu=cortex-m0plus -mthumb -mthumb-interwork -Os -fmessage-length=0 -fsigned-char -ffunction-sections -fdata-sections -Wall -g3 "-ID:\\project\\客诉\\HC32L110_DDL_Rev1.2.1_\\driver\\inc" "-ID:\\project\\客诉\\HC32L110_DDL_Rev1.2.1_\\mcu\\CMSIS\\Core\\Include" "-ID:\\project\\客诉\\HC32L110_DDL_Rev1.2.1_\\example\\crc\\source" "-ID:\\project\\客诉\\HC32L110_DDL_Rev1.2.1_\\mcu\\common" -std=gnu99 -c -o "DRIVER\\src\\gpio.o" "..\\..\\..\\..\\driver\\src\\gpio.c" 
arm-none-eabi-gcc -mcpu=cortex-m0plus -mthumb -mthumb-interwork -Os -fmessage-length=0 -fsigned-char -ffunction-sections -fdata-sections -Wall -g3 "-ID:\\project\\客诉\\HC32L110_DDL_Rev1.2.1_\\driver\\inc" "-ID:\\project\\客诉\\HC32L110_DDL_Rev1.2.1_\\mcu\\CMSIS\\Core\\Include" "-ID:\\project\\客诉\\HC32L110_DDL_Rev1.2.1_\\example\\crc\\source" "-ID:\\project\\客诉\\HC32L110_DDL_Rev1.2.1_\\mcu\\common" -std=gnu99 -c -o "SOURCE\\main.o" "..\\..\\source\\main.c" 
..\..\source\main.c:111:9: warning: return type of 'main' is not 'int' [-Wmain]
  111 | int32_t main(void)
      |         ^~~~
arm-none-eabi-gcc -mcpu=cortex-m0plus -mthumb -mthumb-interwork -Os -fmessage-length=0 -fsigned-char -ffunction-sections -fdata-sections -Wall -g3 "-ID:\\project\\客诉\\HC32L110_DDL_Rev1.2.1_\\driver\\inc" "-ID:\\project\\客诉\\HC32L110_DDL_Rev1.2.1_\\mcu\\CMSIS\\Core\\Include" "-ID:\\project\\客诉\\HC32L110_DDL_Rev1.2.1_\\example\\crc\\source" "-ID:\\project\\客诉\\HC32L110_DDL_Rev1.2.1_\\mcu\\common" -std=gnu99 -c -o "DRIVER\\src\\ddl.o" "..\\..\\..\\..\\driver\\src\\ddl.c" 
arm-none-eabi-gcc -mcpu=cortex-m0plus -mthumb -mthumb-interwork -Os -fmessage-length=0 -fsigned-char -ffunction-sections -fdata-sections -Wall -g3 "-ID:\\project\\客诉\\HC32L110_DDL_Rev1.2.1_\\driver\\inc" "-ID:\\project\\客诉\\HC32L110_DDL_Rev1.2.1_\\mcu\\CMSIS\\Core\\Include" "-ID:\\project\\客诉\\HC32L110_DDL_Rev1.2.1_\\example\\crc\\source" "-ID:\\project\\客诉\\HC32L110_DDL_Rev1.2.1_\\mcu\\common" -std=gnu99 -c -o "DRIVER\\src\\lpt.o" "..\\..\\..\\..\\driver\\src\\lpt.c" 
arm-none-eabi-gcc -mcpu=cortex-m0plus -mthumb -mthumb-interwork -Os -fmessage-length=0 -fsigned-char -ffunction-sections -fdata-sections -Wall -g3 "-ID:\\project\\客诉\\HC32L110_DDL_Rev1.2.1_\\driver\\inc" "-ID:\\project\\客诉\\HC32L110_DDL_Rev1.2.1_\\mcu\\CMSIS\\Core\\Include" "-ID:\\project\\客诉\\HC32L110_DDL_Rev1.2.1_\\example\\crc\\source" "-ID:\\project\\客诉\\HC32L110_DDL_Rev1.2.1_\\mcu\\common" -std=gnu99 -c -o "DRIVER\\src\\vc.o" "..\\..\\..\\..\\driver\\src\\vc.c" 
arm-none-eabi-gcc -mcpu=cortex-m0plus -mthumb -mthumb-interwork -Os -fmessage-length=0 -fsigned-char -ffunction-sections -fdata-sections -Wall -g3 "-ID:\\project\\客诉\\HC32L110_DDL_Rev1.2.1_\\driver\\inc" "-ID:\\project\\客诉\\HC32L110_DDL_Rev1.2.1_\\mcu\\CMSIS\\Core\\Include" "-ID:\\project\\客诉\\HC32L110_DDL_Rev1.2.1_\\example\\crc\\source" "-ID:\\project\\客诉\\HC32L110_DDL_Rev1.2.1_\\mcu\\common" -std=gnu99 -c -o "DRIVER\\src\\pca.o" "..\\..\\..\\..\\driver\\src\\pca.c" 
arm-none-eabi-gcc -mcpu=cortex-m0plus -mthumb -mthumb-interwork -Os -fmessage-length=0 -fsigned-char -ffunction-sections -fdata-sections -Wall -g3 -x assembler-with-cpp -c -o "GCC\\startup_hc32L110.o" "..\\..\\..\\..\\mcu\\GCC\\startup_hc32L110.S" 
arm-none-eabi-gcc -mcpu=cortex-m0plus -mthumb -mthumb-interwork -Os -fmessage-length=0 -fsigned-char -ffunction-sections -fdata-sections -Wall -g3 "-ID:\\project\\客诉\\HC32L110_DDL_Rev1.2.1_\\driver\\inc" "-ID:\\project\\客诉\\HC32L110_DDL_Rev1.2.1_\\mcu\\CMSIS\\Core\\Include" "-ID:\\project\\客诉\\HC32L110_DDL_Rev1.2.1_\\example\\crc\\source" "-ID:\\project\\客诉\\HC32L110_DDL_Rev1.2.1_\\mcu\\common" -std=gnu99 -c -o "DRIVER\\src\\clk.o" "..\\..\\..\\..\\driver\\src\\clk.c" 
arm-none-eabi-gcc -mcpu=cortex-m0plus -mthumb -mthumb-interwork -Os -fmessage-length=0 -fsigned-char -ffunction-sections -fdata-sections -Wall -g3 "-ID:\\project\\客诉\\HC32L110_DDL_Rev1.2.1_\\driver\\inc" "-ID:\\project\\客诉\\HC32L110_DDL_Rev1.2.1_\\mcu\\CMSIS\\Core\\Include" "-ID:\\project\\客诉\\HC32L110_DDL_Rev1.2.1_\\example\\crc\\source" "-ID:\\project\\客诉\\HC32L110_DDL_Rev1.2.1_\\mcu\\common" -std=gnu99 -c -o "DRIVER\\src\\wdt.o" "..\\..\\..\\..\\driver\\src\\wdt.c" 
arm-none-eabi-gcc -mcpu=cortex-m0plus -mthumb -mthumb-interwork -Os -fmessage-length=0 -fsigned-char -ffunction-sections -fdata-sections -Wall -g3 "-ID:\\project\\客诉\\HC32L110_DDL_Rev1.2.1_\\driver\\inc" "-ID:\\project\\客诉\\HC32L110_DDL_Rev1.2.1_\\mcu\\CMSIS\\Core\\Include" "-ID:\\project\\客诉\\HC32L110_DDL_Rev1.2.1_\\example\\crc\\source" "-ID:\\project\\客诉\\HC32L110_DDL_Rev1.2.1_\\mcu\\common" -std=gnu99 -c -o "DRIVER\\src\\bt.o" "..\\..\\..\\..\\driver\\src\\bt.c" 
arm-none-eabi-gcc -mcpu=cortex-m0plus -mthumb -mthumb-interwork -Os -fmessage-length=0 -fsigned-char -ffunction-sections -fdata-sections -Wall -g3 "-ID:\\project\\客诉\\HC32L110_DDL_Rev1.2.1_\\driver\\inc" "-ID:\\project\\客诉\\HC32L110_DDL_Rev1.2.1_\\mcu\\CMSIS\\Core\\Include" "-ID:\\project\\客诉\\HC32L110_DDL_Rev1.2.1_\\example\\crc\\source" "-ID:\\project\\客诉\\HC32L110_DDL_Rev1.2.1_\\mcu\\common" -std=gnu99 -c -o "DRIVER\\src\\rtc.o" "..\\..\\..\\..\\driver\\src\\rtc.c" 
..\..\..\..\driver\src\rtc.c: In function 'Rtc_CheckDateTimeFormat':
..\..\..\..\driver\src\rtc.c:449:22: warning: '<<' in boolean context, did you mean '<'? [-Wint-in-bool-context]
  449 |         if(u8Mode&&(1<<u8i))
      |                    ~~^~~~~~
arm-none-eabi-gcc -mcpu=cortex-m0plus -mthumb -mthumb-interwork -Os -fmessage-length=0 -fsigned-char -ffunction-sections -fdata-sections -Wall -g3 "-ID:\\project\\客诉\\HC32L110_DDL_Rev1.2.1_\\driver\\inc" "-ID:\\project\\客诉\\HC32L110_DDL_Rev1.2.1_\\mcu\\CMSIS\\Core\\Include" "-ID:\\project\\客诉\\HC32L110_DDL_Rev1.2.1_\\example\\crc\\source" "-ID:\\project\\客诉\\HC32L110_DDL_Rev1.2.1_\\mcu\\common" -std=gnu99 -c -o "DRIVER\\src\\trim.o" "..\\..\\..\\..\\driver\\src\\trim.c" 
arm-none-eabi-gcc -mcpu=cortex-m0plus -mthumb -mthumb-interwork -Os -fmessage-length=0 -fsigned-char -ffunction-sections -fdata-sections -Wall -g3 "-ID:\\project\\客诉\\HC32L110_DDL_Rev1.2.1_\\driver\\inc" "-ID:\\project\\客诉\\HC32L110_DDL_Rev1.2.1_\\mcu\\CMSIS\\Core\\Include" "-ID:\\project\\客诉\\HC32L110_DDL_Rev1.2.1_\\example\\crc\\source" "-ID:\\project\\客诉\\HC32L110_DDL_Rev1.2.1_\\mcu\\common" -std=gnu99 -c -o "DRIVER\\src\\spi.o" "..\\..\\..\\..\\driver\\src\\spi.c" 
arm-none-eabi-gcc -mcpu=cortex-m0plus -mthumb -mthumb-interwork -Os -fmessage-length=0 -fsigned-char -ffunction-sections -fdata-sections -Wall -g3 "-ID:\\project\\客诉\\HC32L110_DDL_Rev1.2.1_\\driver\\inc" "-ID:\\project\\客诉\\HC32L110_DDL_Rev1.2.1_\\mcu\\CMSIS\\Core\\Include" "-ID:\\project\\客诉\\HC32L110_DDL_Rev1.2.1_\\example\\crc\\source" "-ID:\\project\\客诉\\HC32L110_DDL_Rev1.2.1_\\mcu\\common" -std=gnu99 -c -o "DRIVER\\src\\lvd.o" "..\\..\\..\\..\\driver\\src\\lvd.c" 
arm-none-eabi-gcc -mcpu=cortex-m0plus -mthumb -mthumb-interwork -Os -fmessage-length=0 -fsigned-char -ffunction-sections -fdata-sections -Wall -g3 "-ID:\\project\\客诉\\HC32L110_DDL_Rev1.2.1_\\driver\\inc" "-ID:\\project\\客诉\\HC32L110_DDL_Rev1.2.1_\\mcu\\CMSIS\\Core\\Include" "-ID:\\project\\客诉\\HC32L110_DDL_Rev1.2.1_\\example\\crc\\source" "-ID:\\project\\客诉\\HC32L110_DDL_Rev1.2.1_\\mcu\\common" -std=gnu99 -c -o "DRIVER\\src\\reset.o" "..\\..\\..\\..\\driver\\src\\reset.c" 
arm-none-eabi-gcc -mcpu=cortex-m0plus -mthumb -mthumb-interwork -Os -fmessage-length=0 -fsigned-char -ffunction-sections -fdata-sections -Wall -g3 "-ID:\\project\\客诉\\HC32L110_DDL_Rev1.2.1_\\driver\\inc" "-ID:\\project\\客诉\\HC32L110_DDL_Rev1.2.1_\\mcu\\CMSIS\\Core\\Include" "-ID:\\project\\客诉\\HC32L110_DDL_Rev1.2.1_\\example\\crc\\source" "-ID:\\project\\客诉\\HC32L110_DDL_Rev1.2.1_\\mcu\\common" -std=gnu99 -c -o "DRIVER\\src\\crc.o" "..\\..\\..\\..\\driver\\src\\crc.c" 
arm-none-eabi-gcc -mcpu=cortex-m0plus -mthumb -mthumb-interwork -Os -fmessage-length=0 -fsigned-char -ffunction-sections -fdata-sections -Wall -g3 "-ID:\\project\\客诉\\HC32L110_DDL_Rev1.2.1_\\driver\\inc" "-ID:\\project\\客诉\\HC32L110_DDL_Rev1.2.1_\\mcu\\CMSIS\\Core\\Include" "-ID:\\project\\客诉\\HC32L110_DDL_Rev1.2.1_\\example\\crc\\source" "-ID:\\project\\客诉\\HC32L110_DDL_Rev1.2.1_\\mcu\\common" -std=gnu99 -c -o "DRIVER\\src\\i2c.o" "..\\..\\..\\..\\driver\\src\\i2c.c" 
arm-none-eabi-gcc -mcpu=cortex-m0plus -mthumb -mthumb-interwork -Os -fmessage-length=0 -fsigned-char -ffunction-sections -fdata-sections -Wall -g3 "-ID:\\project\\客诉\\HC32L110_DDL_Rev1.2.1_\\driver\\inc" "-ID:\\project\\客诉\\HC32L110_DDL_Rev1.2.1_\\mcu\\CMSIS\\Core\\Include" "-ID:\\project\\客诉\\HC32L110_DDL_Rev1.2.1_\\example\\crc\\source" "-ID:\\project\\客诉\\HC32L110_DDL_Rev1.2.1_\\mcu\\common" -std=gnu99 -c -o "DRIVER\\src\\adc.o" "..\\..\\..\\..\\driver\\src\\adc.c" 
arm-none-eabi-gcc -mcpu=cortex-m0plus -mthumb -mthumb-interwork -Os -fmessage-length=0 -fsigned-char -ffunction-sections -fdata-sections -Wall -g3 "-ID:\\project\\客诉\\HC32L110_DDL_Rev1.2.1_\\driver\\inc" "-ID:\\project\\客诉\\HC32L110_DDL_Rev1.2.1_\\mcu\\CMSIS\\Core\\Include" "-ID:\\project\\客诉\\HC32L110_DDL_Rev1.2.1_\\example\\crc\\source" "-ID:\\project\\客诉\\HC32L110_DDL_Rev1.2.1_\\mcu\\common" -std=gnu99 -c -o "DRIVER\\src\\adt.o" "..\\..\\..\\..\\driver\\src\\adt.c" 
arm-none-eabi-gcc -mcpu=cortex-m0plus -mthumb -mthumb-interwork -Os -fmessage-length=0 -fsigned-char -ffunction-sections -fdata-sections -Wall -g3 "-ID:\\project\\客诉\\HC32L110_DDL_Rev1.2.1_\\driver\\inc" "-ID:\\project\\客诉\\HC32L110_DDL_Rev1.2.1_\\mcu\\CMSIS\\Core\\Include" "-ID:\\project\\客诉\\HC32L110_DDL_Rev1.2.1_\\example\\crc\\source" "-ID:\\project\\客诉\\HC32L110_DDL_Rev1.2.1_\\mcu\\common" -std=gnu99 -c -o "DRIVER\\src\\uart.o" "..\\..\\..\\..\\driver\\src\\uart.c" 
arm-none-eabi-gcc -mcpu=cortex-m0plus -mthumb -mthumb-interwork -Os -fmessage-length=0 -fsigned-char -ffunction-sections -fdata-sections -Wall -g3 "-ID:\\project\\客诉\\HC32L110_DDL_Rev1.2.1_\\driver\\inc" "-ID:\\project\\客诉\\HC32L110_DDL_Rev1.2.1_\\mcu\\CMSIS\\Core\\Include" "-ID:\\project\\客诉\\HC32L110_DDL_Rev1.2.1_\\example\\crc\\source" "-ID:\\project\\客诉\\HC32L110_DDL_Rev1.2.1_\\mcu\\common" -std=gnu99 -c -o "DRIVER\\src\\lpuart.o" "..\\..\\..\\..\\driver\\src\\lpuart.c" 
arm-none-eabi-gcc -mcpu=cortex-m0plus -mthumb -mthumb-interwork -Os -fmessage-length=0 -fsigned-char -ffunction-sections -fdata-sections -Wall -g3 "-ID:\\project\\客诉\\HC32L110_DDL_Rev1.2.1_\\driver\\inc" "-ID:\\project\\客诉\\HC32L110_DDL_Rev1.2.1_\\mcu\\CMSIS\\Core\\Include" "-ID:\\project\\客诉\\HC32L110_DDL_Rev1.2.1_\\example\\crc\\source" "-ID:\\project\\客诉\\HC32L110_DDL_Rev1.2.1_\\mcu\\common" -std=gnu99 -c -o "DRIVER\\src\\interrupts_hc32l110.o" "..\\..\\..\\..\\driver\\src\\interrupts_hc32l110.c" 
arm-none-eabi-gcc -mcpu=cortex-m0plus -mthumb -mthumb-interwork -Os -fmessage-length=0 -fsigned-char -ffunction-sections -fdata-sections -Wall -g3 "-ID:\\project\\客诉\\HC32L110_DDL_Rev1.2.1_\\driver\\inc" "-ID:\\project\\客诉\\HC32L110_DDL_Rev1.2.1_\\mcu\\CMSIS\\Core\\Include" "-ID:\\project\\客诉\\HC32L110_DDL_Rev1.2.1_\\example\\crc\\source" "-ID:\\project\\客诉\\HC32L110_DDL_Rev1.2.1_\\mcu\\common" -std=gnu99 -c -o "DRIVER\\src\\lpm.o" "..\\..\\..\\..\\driver\\src\\lpm.c" 
arm-none-eabi-gcc -mcpu=cortex-m0plus -mthumb -mthumb-interwork -Os -fmessage-length=0 -fsigned-char -ffunction-sections -fdata-sections -Wall -g3 -T "D:\\project\\客诉\\HC32L110_DDL_Rev1.2.1_\\mcu\\GCC\\HC32L110.ld" -Xlinker --gc-sections -Wl,-Map,crc.map --specs=nano.specs --specs=nosys.specs -o crc.elf "COMMON\\system_hc32l110.o" "DRIVER\\src\\adc.o" "DRIVER\\src\\adt.o" "DRIVER\\src\\bt.o" "DRIVER\\src\\clk.o" "DRIVER\\src\\crc.o" "DRIVER\\src\\ddl.o" "DRIVER\\src\\flash.o" "DRIVER\\src\\gpio.o" "DRIVER\\src\\i2c.o" "DRIVER\\src\\interrupts_hc32l110.o" "DRIVER\\src\\lpm.o" "DRIVER\\src\\lpt.o" "DRIVER\\src\\lpuart.o" "DRIVER\\src\\lvd.o" "DRIVER\\src\\pca.o" "DRIVER\\src\\reset.o" "DRIVER\\src\\rtc.o" "DRIVER\\src\\spi.o" "DRIVER\\src\\trim.o" "DRIVER\\src\\uart.o" "DRIVER\\src\\vc.o" "DRIVER\\src\\wdt.o" "GCC\\startup_hc32L110.o" "SOURCE\\main.o" 
arm-none-eabi-size --format=berkeley crc.elf 
   text	   data	    bss	    dec	    hex	filename
   2608	     68	    820	   3496	    da8	crc.elf
arm-none-eabi-objcopy -O ihex crc.elf crc.hex 

16:34:31 Build Finished. 0 errors, 2 warnings. (took 7s.571ms)

