15:22:14 **** Rebuild of configuration Debug for project lvd_detect_falling_irq ****
Info: Internal Builder is used for build
arm-none-eabi-gcc -mcpu=cortex-m0plus -mthumb -mthumb-interwork -Os -fmessage-length=0 -fsigned-char -ffunction-sections -fdata-sections -Wall -g3 "-ID:\\project\\客诉\\HC32L110_DDL_Rev1.3.1\\driver\\inc" "-ID:\\project\\客诉\\HC32L110_DDL_Rev1.3.1\\mcu\\CMSIS\\Core\\Include" "-ID:\\project\\客诉\\HC32L110_DDL_Rev1.3.1\\example\\lvd\\lvd_detect_falling_irq\\source" "-ID:\\project\\客诉\\HC32L110_DDL_Rev1.3.1\\mcu\\common" -std=gnu99 -c -o "DRIVER\\src\\bt.o" "..\\..\\..\\..\\..\\driver\\src\\bt.c" 
arm-none-eabi-gcc -mcpu=cortex-m0plus -mthumb -mthumb-interwork -Os -fmessage-length=0 -fsigned-char -ffunction-sections -fdata-sections -Wall -g3 "-ID:\\project\\客诉\\HC32L110_DDL_Rev1.3.1\\driver\\inc" "-ID:\\project\\客诉\\HC32L110_DDL_Rev1.3.1\\mcu\\CMSIS\\Core\\Include" "-ID:\\project\\客诉\\HC32L110_DDL_Rev1.3.1\\example\\lvd\\lvd_detect_falling_irq\\source" "-ID:\\project\\客诉\\HC32L110_DDL_Rev1.3.1\\mcu\\common" -std=gnu99 -c -o "DRIVER\\src\\clk.o" "..\\..\\..\\..\\..\\driver\\src\\clk.c" 
arm-none-eabi-gcc -mcpu=cortex-m0plus -mthumb -mthumb-interwork -Os -fmessage-length=0 -fsigned-char -ffunction-sections -fdata-sections -Wall -g3 "-ID:\\project\\客诉\\HC32L110_DDL_Rev1.3.1\\driver\\inc" "-ID:\\project\\客诉\\HC32L110_DDL_Rev1.3.1\\mcu\\CMSIS\\Core\\Include" "-ID:\\project\\客诉\\HC32L110_DDL_Rev1.3.1\\example\\lvd\\lvd_detect_falling_irq\\source" "-ID:\\project\\客诉\\HC32L110_DDL_Rev1.3.1\\mcu\\common" -std=gnu99 -c -o "COMMON\\system_hc32l110.o" "..\\..\\..\\..\\..\\mcu\\common\\system_hc32l110.c" 
arm-none-eabi-gcc -mcpu=cortex-m0plus -mthumb -mthumb-interwork -Os -fmessage-length=0 -fsigned-char -ffunction-sections -fdata-sections -Wall -g3 "-ID:\\project\\客诉\\HC32L110_DDL_Rev1.3.1\\driver\\inc" "-ID:\\project\\客诉\\HC32L110_DDL_Rev1.3.1\\mcu\\CMSIS\\Core\\Include" "-ID:\\project\\客诉\\HC32L110_DDL_Rev1.3.1\\example\\lvd\\lvd_detect_falling_irq\\source" "-ID:\\project\\客诉\\HC32L110_DDL_Rev1.3.1\\mcu\\common" -std=gnu99 -c -o "DRIVER\\src\\ddl.o" "..\\..\\..\\..\\..\\driver\\src\\ddl.c" 
arm-none-eabi-gcc -mcpu=cortex-m0plus -mthumb -mthumb-interwork -Os -fmessage-length=0 -fsigned-char -ffunction-sections -fdata-sections -Wall -g3 "-ID:\\project\\客诉\\HC32L110_DDL_Rev1.3.1\\driver\\inc" "-ID:\\project\\客诉\\HC32L110_DDL_Rev1.3.1\\mcu\\CMSIS\\Core\\Include" "-ID:\\project\\客诉\\HC32L110_DDL_Rev1.3.1\\example\\lvd\\lvd_detect_falling_irq\\source" "-ID:\\project\\客诉\\HC32L110_DDL_Rev1.3.1\\mcu\\common" -std=gnu99 -c -o "DRIVER\\src\\rtc.o" "..\\..\\..\\..\\..\\driver\\src\\rtc.c" 
..\..\..\..\..\driver\src\rtc.c: In function 'Rtc_CheckDateTimeFormat':
..\..\..\..\..\driver\src\rtc.c:449:22: warning: '<<' in boolean context, did you mean '<'? [-Wint-in-bool-context]
  449 |         if(u8Mode&&(1<<u8i))
      |                    ~~^~~~~~
arm-none-eabi-gcc -mcpu=cortex-m0plus -mthumb -mthumb-interwork -Os -fmessage-length=0 -fsigned-char -ffunction-sections -fdata-sections -Wall -g3 "-ID:\\project\\客诉\\HC32L110_DDL_Rev1.3.1\\driver\\inc" "-ID:\\project\\客诉\\HC32L110_DDL_Rev1.3.1\\mcu\\CMSIS\\Core\\Include" "-ID:\\project\\客诉\\HC32L110_DDL_Rev1.3.1\\example\\lvd\\lvd_detect_falling_irq\\source" "-ID:\\project\\客诉\\HC32L110_DDL_Rev1.3.1\\mcu\\common" -std=gnu99 -c -o "DRIVER\\src\\flash.o" "..\\..\\..\\..\\..\\driver\\src\\flash.c" 
arm-none-eabi-gcc -mcpu=cortex-m0plus -mthumb -mthumb-interwork -Os -fmessage-length=0 -fsigned-char -ffunction-sections -fdata-sections -Wall -g3 "-ID:\\project\\客诉\\HC32L110_DDL_Rev1.3.1\\driver\\inc" "-ID:\\project\\客诉\\HC32L110_DDL_Rev1.3.1\\mcu\\CMSIS\\Core\\Include" "-ID:\\project\\客诉\\HC32L110_DDL_Rev1.3.1\\example\\lvd\\lvd_detect_falling_irq\\source" "-ID:\\project\\客诉\\HC32L110_DDL_Rev1.3.1\\mcu\\common" -std=gnu99 -c -o "DRIVER\\src\\i2c.o" "..\\..\\..\\..\\..\\driver\\src\\i2c.c" 
arm-none-eabi-gcc -mcpu=cortex-m0plus -mthumb -mthumb-interwork -Os -fmessage-length=0 -fsigned-char -ffunction-sections -fdata-sections -Wall -g3 "-ID:\\project\\客诉\\HC32L110_DDL_Rev1.3.1\\driver\\inc" "-ID:\\project\\客诉\\HC32L110_DDL_Rev1.3.1\\mcu\\CMSIS\\Core\\Include" "-ID:\\project\\客诉\\HC32L110_DDL_Rev1.3.1\\example\\lvd\\lvd_detect_falling_irq\\source" "-ID:\\project\\客诉\\HC32L110_DDL_Rev1.3.1\\mcu\\common" -std=gnu99 -c -o "DRIVER\\src\\pca.o" "..\\..\\..\\..\\..\\driver\\src\\pca.c" 
arm-none-eabi-gcc -mcpu=cortex-m0plus -mthumb -mthumb-interwork -Os -fmessage-length=0 -fsigned-char -ffunction-sections -fdata-sections -Wall -g3 "-ID:\\project\\客诉\\HC32L110_DDL_Rev1.3.1\\driver\\inc" "-ID:\\project\\客诉\\HC32L110_DDL_Rev1.3.1\\mcu\\CMSIS\\Core\\Include" "-ID:\\project\\客诉\\HC32L110_DDL_Rev1.3.1\\example\\lvd\\lvd_detect_falling_irq\\source" "-ID:\\project\\客诉\\HC32L110_DDL_Rev1.3.1\\mcu\\common" -std=gnu99 -c -o "DRIVER\\src\\reset.o" "..\\..\\..\\..\\..\\driver\\src\\reset.c" 
arm-none-eabi-gcc -mcpu=cortex-m0plus -mthumb -mthumb-interwork -Os -fmessage-length=0 -fsigned-char -ffunction-sections -fdata-sections -Wall -g3 "-ID:\\project\\客诉\\HC32L110_DDL_Rev1.3.1\\driver\\inc" "-ID:\\project\\客诉\\HC32L110_DDL_Rev1.3.1\\mcu\\CMSIS\\Core\\Include" "-ID:\\project\\客诉\\HC32L110_DDL_Rev1.3.1\\example\\lvd\\lvd_detect_falling_irq\\source" "-ID:\\project\\客诉\\HC32L110_DDL_Rev1.3.1\\mcu\\common" -std=gnu99 -c -o "DRIVER\\src\\spi.o" "..\\..\\..\\..\\..\\driver\\src\\spi.c" 
arm-none-eabi-gcc -mcpu=cortex-m0plus -mthumb -mthumb-interwork -Os -fmessage-length=0 -fsigned-char -ffunction-sections -fdata-sections -Wall -g3 "-ID:\\project\\客诉\\HC32L110_DDL_Rev1.3.1\\driver\\inc" "-ID:\\project\\客诉\\HC32L110_DDL_Rev1.3.1\\mcu\\CMSIS\\Core\\Include" "-ID:\\project\\客诉\\HC32L110_DDL_Rev1.3.1\\example\\lvd\\lvd_detect_falling_irq\\source" "-ID:\\project\\客诉\\HC32L110_DDL_Rev1.3.1\\mcu\\common" -std=gnu99 -c -o "DRIVER\\src\\lvd.o" "..\\..\\..\\..\\..\\driver\\src\\lvd.c" 
arm-none-eabi-gcc -mcpu=cortex-m0plus -mthumb -mthumb-interwork -Os -fmessage-length=0 -fsigned-char -ffunction-sections -fdata-sections -Wall -g3 "-ID:\\project\\客诉\\HC32L110_DDL_Rev1.3.1\\driver\\inc" "-ID:\\project\\客诉\\HC32L110_DDL_Rev1.3.1\\mcu\\CMSIS\\Core\\Include" "-ID:\\project\\客诉\\HC32L110_DDL_Rev1.3.1\\example\\lvd\\lvd_detect_falling_irq\\source" "-ID:\\project\\客诉\\HC32L110_DDL_Rev1.3.1\\mcu\\common" -std=gnu99 -c -o "DRIVER\\src\\vc.o" "..\\..\\..\\..\\..\\driver\\src\\vc.c" 
arm-none-eabi-gcc -mcpu=cortex-m0plus -mthumb -mthumb-interwork -Os -fmessage-length=0 -fsigned-char -ffunction-sections -fdata-sections -Wall -g3 "-ID:\\project\\客诉\\HC32L110_DDL_Rev1.3.1\\driver\\inc" "-ID:\\project\\客诉\\HC32L110_DDL_Rev1.3.1\\mcu\\CMSIS\\Core\\Include" "-ID:\\project\\客诉\\HC32L110_DDL_Rev1.3.1\\example\\lvd\\lvd_detect_falling_irq\\source" "-ID:\\project\\客诉\\HC32L110_DDL_Rev1.3.1\\mcu\\common" -std=gnu99 -c -o "DRIVER\\src\\wdt.o" "..\\..\\..\\..\\..\\driver\\src\\wdt.c" 
arm-none-eabi-gcc -mcpu=cortex-m0plus -mthumb -mthumb-interwork -Os -fmessage-length=0 -fsigned-char -ffunction-sections -fdata-sections -Wall -g3 "-ID:\\project\\客诉\\HC32L110_DDL_Rev1.3.1\\driver\\inc" "-ID:\\project\\客诉\\HC32L110_DDL_Rev1.3.1\\mcu\\CMSIS\\Core\\Include" "-ID:\\project\\客诉\\HC32L110_DDL_Rev1.3.1\\example\\lvd\\lvd_detect_falling_irq\\source" "-ID:\\project\\客诉\\HC32L110_DDL_Rev1.3.1\\mcu\\common" -std=gnu99 -c -o "DRIVER\\src\\adt.o" "..\\..\\..\\..\\..\\driver\\src\\adt.c" 
arm-none-eabi-gcc -mcpu=cortex-m0plus -mthumb -mthumb-interwork -Os -fmessage-length=0 -fsigned-char -ffunction-sections -fdata-sections -Wall -g3 "-ID:\\project\\客诉\\HC32L110_DDL_Rev1.3.1\\driver\\inc" "-ID:\\project\\客诉\\HC32L110_DDL_Rev1.3.1\\mcu\\CMSIS\\Core\\Include" "-ID:\\project\\客诉\\HC32L110_DDL_Rev1.3.1\\example\\lvd\\lvd_detect_falling_irq\\source" "-ID:\\project\\客诉\\HC32L110_DDL_Rev1.3.1\\mcu\\common" -std=gnu99 -c -o "DRIVER\\src\\uart.o" "..\\..\\..\\..\\..\\driver\\src\\uart.c" 
arm-none-eabi-gcc -mcpu=cortex-m0plus -mthumb -mthumb-interwork -Os -fmessage-length=0 -fsigned-char -ffunction-sections -fdata-sections -Wall -g3 "-ID:\\project\\客诉\\HC32L110_DDL_Rev1.3.1\\driver\\inc" "-ID:\\project\\客诉\\HC32L110_DDL_Rev1.3.1\\mcu\\CMSIS\\Core\\Include" "-ID:\\project\\客诉\\HC32L110_DDL_Rev1.3.1\\example\\lvd\\lvd_detect_falling_irq\\source" "-ID:\\project\\客诉\\HC32L110_DDL_Rev1.3.1\\mcu\\common" -std=gnu99 -c -o "SOURCE\\main.o" "..\\..\\source\\main.c" 
arm-none-eabi-gcc -mcpu=cortex-m0plus -mthumb -mthumb-interwork -Os -fmessage-length=0 -fsigned-char -ffunction-sections -fdata-sections -Wall -g3 "-ID:\\project\\客诉\\HC32L110_DDL_Rev1.3.1\\driver\\inc" "-ID:\\project\\客诉\\HC32L110_DDL_Rev1.3.1\\mcu\\CMSIS\\Core\\Include" "-ID:\\project\\客诉\\HC32L110_DDL_Rev1.3.1\\example\\lvd\\lvd_detect_falling_irq\\source" "-ID:\\project\\客诉\\HC32L110_DDL_Rev1.3.1\\mcu\\common" -std=gnu99 -c -o "DRIVER\\src\\lpuart.o" "..\\..\\..\\..\\..\\driver\\src\\lpuart.c" 
arm-none-eabi-gcc -mcpu=cortex-m0plus -mthumb -mthumb-interwork -Os -fmessage-length=0 -fsigned-char -ffunction-sections -fdata-sections -Wall -g3 "-ID:\\project\\客诉\\HC32L110_DDL_Rev1.3.1\\driver\\inc" "-ID:\\project\\客诉\\HC32L110_DDL_Rev1.3.1\\mcu\\CMSIS\\Core\\Include" "-ID:\\project\\客诉\\HC32L110_DDL_Rev1.3.1\\example\\lvd\\lvd_detect_falling_irq\\source" "-ID:\\project\\客诉\\HC32L110_DDL_Rev1.3.1\\mcu\\common" -std=gnu99 -c -o "DRIVER\\src\\trim.o" "..\\..\\..\\..\\..\\driver\\src\\trim.c" 
arm-none-eabi-gcc -mcpu=cortex-m0plus -mthumb -mthumb-interwork -Os -fmessage-length=0 -fsigned-char -ffunction-sections -fdata-sections -Wall -g3 "-ID:\\project\\客诉\\HC32L110_DDL_Rev1.3.1\\driver\\inc" "-ID:\\project\\客诉\\HC32L110_DDL_Rev1.3.1\\mcu\\CMSIS\\Core\\Include" "-ID:\\project\\客诉\\HC32L110_DDL_Rev1.3.1\\example\\lvd\\lvd_detect_falling_irq\\source" "-ID:\\project\\客诉\\HC32L110_DDL_Rev1.3.1\\mcu\\common" -std=gnu99 -c -o "DRIVER\\src\\crc.o" "..\\..\\..\\..\\..\\driver\\src\\crc.c" 
arm-none-eabi-gcc -mcpu=cortex-m0plus -mthumb -mthumb-interwork -Os -fmessage-length=0 -fsigned-char -ffunction-sections -fdata-sections -Wall -g3 "-ID:\\project\\客诉\\HC32L110_DDL_Rev1.3.1\\driver\\inc" "-ID:\\project\\客诉\\HC32L110_DDL_Rev1.3.1\\mcu\\CMSIS\\Core\\Include" "-ID:\\project\\客诉\\HC32L110_DDL_Rev1.3.1\\example\\lvd\\lvd_detect_falling_irq\\source" "-ID:\\project\\客诉\\HC32L110_DDL_Rev1.3.1\\mcu\\common" -std=gnu99 -c -o "DRIVER\\src\\gpio.o" "..\\..\\..\\..\\..\\driver\\src\\gpio.c" 
arm-none-eabi-gcc -mcpu=cortex-m0plus -mthumb -mthumb-interwork -Os -fmessage-length=0 -fsigned-char -ffunction-sections -fdata-sections -Wall -g3 "-ID:\\project\\客诉\\HC32L110_DDL_Rev1.3.1\\driver\\inc" "-ID:\\project\\客诉\\HC32L110_DDL_Rev1.3.1\\mcu\\CMSIS\\Core\\Include" "-ID:\\project\\客诉\\HC32L110_DDL_Rev1.3.1\\example\\lvd\\lvd_detect_falling_irq\\source" "-ID:\\project\\客诉\\HC32L110_DDL_Rev1.3.1\\mcu\\common" -std=gnu99 -c -o "DRIVER\\src\\interrupts_hc32l110.o" "..\\..\\..\\..\\..\\driver\\src\\interrupts_hc32l110.c" 
arm-none-eabi-gcc -mcpu=cortex-m0plus -mthumb -mthumb-interwork -Os -fmessage-length=0 -fsigned-char -ffunction-sections -fdata-sections -Wall -g3 "-ID:\\project\\客诉\\HC32L110_DDL_Rev1.3.1\\driver\\inc" "-ID:\\project\\客诉\\HC32L110_DDL_Rev1.3.1\\mcu\\CMSIS\\Core\\Include" "-ID:\\project\\客诉\\HC32L110_DDL_Rev1.3.1\\example\\lvd\\lvd_detect_falling_irq\\source" "-ID:\\project\\客诉\\HC32L110_DDL_Rev1.3.1\\mcu\\common" -std=gnu99 -c -o "DRIVER\\src\\lpm.o" "..\\..\\..\\..\\..\\driver\\src\\lpm.c" 
arm-none-eabi-gcc -mcpu=cortex-m0plus -mthumb -mthumb-interwork -Os -fmessage-length=0 -fsigned-char -ffunction-sections -fdata-sections -Wall -g3 "-ID:\\project\\客诉\\HC32L110_DDL_Rev1.3.1\\driver\\inc" "-ID:\\project\\客诉\\HC32L110_DDL_Rev1.3.1\\mcu\\CMSIS\\Core\\Include" "-ID:\\project\\客诉\\HC32L110_DDL_Rev1.3.1\\example\\lvd\\lvd_detect_falling_irq\\source" "-ID:\\project\\客诉\\HC32L110_DDL_Rev1.3.1\\mcu\\common" -std=gnu99 -c -o "DRIVER\\src\\adc.o" "..\\..\\..\\..\\..\\driver\\src\\adc.c" 
arm-none-eabi-gcc -mcpu=cortex-m0plus -mthumb -mthumb-interwork -Os -fmessage-length=0 -fsigned-char -ffunction-sections -fdata-sections -Wall -g3 "-ID:\\project\\客诉\\HC32L110_DDL_Rev1.3.1\\driver\\inc" "-ID:\\project\\客诉\\HC32L110_DDL_Rev1.3.1\\mcu\\CMSIS\\Core\\Include" "-ID:\\project\\客诉\\HC32L110_DDL_Rev1.3.1\\example\\lvd\\lvd_detect_falling_irq\\source" "-ID:\\project\\客诉\\HC32L110_DDL_Rev1.3.1\\mcu\\common" -std=gnu99 -c -o "DRIVER\\src\\lpt.o" "..\\..\\..\\..\\..\\driver\\src\\lpt.c" 
arm-none-eabi-gcc -mcpu=cortex-m0plus -mthumb -mthumb-interwork -Os -fmessage-length=0 -fsigned-char -ffunction-sections -fdata-sections -Wall -g3 -T "D:\\project\\客诉\\HC32L110_DDL_Rev1.3.1\\mcu\\GCC\\HC32L110.ld" -Xlinker --gc-sections -Wl,-Map,lvd_detect_falling_irq.map --specs=nano.specs --specs=nosys.specs -o lvd_detect_falling_irq.elf "COMMON\\system_hc32l110.o" "DRIVER\\src\\adc.o" "DRIVER\\src\\adt.o" "DRIVER\\src\\bt.o" "DRIVER\\src\\clk.o" "DRIVER\\src\\crc.o" "DRIVER\\src\\ddl.o" "DRIVER\\src\\flash.o" "DRIVER\\src\\gpio.o" "DRIVER\\src\\i2c.o" "DRIVER\\src\\interrupts_hc32l110.o" "DRIVER\\src\\lpm.o" "DRIVER\\src\\lpt.o" "DRIVER\\src\\lpuart.o" "DRIVER\\src\\lvd.o" "DRIVER\\src\\pca.o" "DRIVER\\src\\reset.o" "DRIVER\\src\\rtc.o" "DRIVER\\src\\spi.o" "DRIVER\\src\\trim.o" "DRIVER\\src\\uart.o" "DRIVER\\src\\vc.o" "DRIVER\\src\\wdt.o" "SOURCE\\main.o" 
d:/software/gcc-arm-none-eabi-10.3-2021.10-win32/gcc-arm-none-eabi-10.3-2021.10/bin/../lib/gcc/arm-none-eabi/10.3.1/../../../../arm-none-eabi/bin/ld.exe: warning: cannot find entry symbol Reset_Handler; defaulting to 00000000
arm-none-eabi-objcopy -O ihex lvd_detect_falling_irq.elf lvd_detect_falling_irq.hex 
arm-none-eabi-size --format=berkeley lvd_detect_falling_irq.elf 
   text	   data	    bss	    dec	    hex	filename
     96	      8	    544	    648	    288	lvd_detect_falling_irq.elf
