14:46:57 **** Rebuild of configuration Debug for project lpuart_nomal ****
Info: Internal Builder is used for build
arm-none-eabi-gcc -mcpu=cortex-m0plus -mthumb -mthumb-interwork -Os -fmessage-length=0 -fsigned-char -ffunction-sections -fdata-sections -Wall -g3 "-ID:\\project\\客诉\\HC32L110_DDL_Rev1.3.1\\driver\\inc" "-ID:\\project\\客诉\\HC32L110_DDL_Rev1.3.1\\mcu\\CMSIS\\Core\\Include" "-ID:\\project\\客诉\\HC32L110_DDL_Rev1.3.1\\example\\lpuart\\lpuart_nomal\\source" "-ID:\\project\\客诉\\HC32L110_DDL_Rev1.3.1\\mcu\\common" -std=gnu99 -c -o "DRIVER\\src\\rtc.o" "..\\..\\..\\..\\..\\..\\HC32L110_DDL_Rev1.3.1\\driver\\src\\rtc.c" 
..\..\..\..\..\..\HC32L110_DDL_Rev1.3.1\driver\src\rtc.c: In function 'Rtc_CheckDateTimeFormat':
..\..\..\..\..\..\HC32L110_DDL_Rev1.3.1\driver\src\rtc.c:449:22: warning: '<<' in boolean context, did you mean '<'? [-Wint-in-bool-context]
  449 |         if(u8Mode&&(1<<u8i))
      |                    ~~^~~~~~
arm-none-eabi-gcc -mcpu=cortex-m0plus -mthumb -mthumb-interwork -Os -fmessage-length=0 -fsigned-char -ffunction-sections -fdata-sections -Wall -g3 "-ID:\\project\\客诉\\HC32L110_DDL_Rev1.3.1\\driver\\inc" "-ID:\\project\\客诉\\HC32L110_DDL_Rev1.3.1\\mcu\\CMSIS\\Core\\Include" "-ID:\\project\\客诉\\HC32L110_DDL_Rev1.3.1\\example\\lpuart\\lpuart_nomal\\source" "-ID:\\project\\客诉\\HC32L110_DDL_Rev1.3.1\\mcu\\common" -std=gnu99 -c -o "DRIVER\\src\\spi.o" "..\\..\\..\\..\\..\\..\\HC32L110_DDL_Rev1.3.1\\driver\\src\\spi.c" 
arm-none-eabi-gcc -mcpu=cortex-m0plus -mthumb -mthumb-interwork -Os -fmessage-length=0 -fsigned-char -ffunction-sections -fdata-sections -Wall -g3 "-ID:\\project\\客诉\\HC32L110_DDL_Rev1.3.1\\driver\\inc" "-ID:\\project\\客诉\\HC32L110_DDL_Rev1.3.1\\mcu\\CMSIS\\Core\\Include" "-ID:\\project\\客诉\\HC32L110_DDL_Rev1.3.1\\example\\lpuart\\lpuart_nomal\\source" "-ID:\\project\\客诉\\HC32L110_DDL_Rev1.3.1\\mcu\\common" -std=gnu99 -c -o "DRIVER\\src\\clk.o" "..\\..\\..\\..\\..\\..\\HC32L110_DDL_Rev1.3.1\\driver\\src\\clk.c" 
arm-none-eabi-gcc -mcpu=cortex-m0plus -mthumb -mthumb-interwork -Os -fmessage-length=0 -fsigned-char -ffunction-sections -fdata-sections -Wall -g3 "-ID:\\project\\客诉\\HC32L110_DDL_Rev1.3.1\\driver\\inc" "-ID:\\project\\客诉\\HC32L110_DDL_Rev1.3.1\\mcu\\CMSIS\\Core\\Include" "-ID:\\project\\客诉\\HC32L110_DDL_Rev1.3.1\\example\\lpuart\\lpuart_nomal\\source" "-ID:\\project\\客诉\\HC32L110_DDL_Rev1.3.1\\mcu\\common" -std=gnu99 -c -o "DRIVER\\src\\lpt.o" "..\\..\\..\\..\\..\\..\\HC32L110_DDL_Rev1.3.1\\driver\\src\\lpt.c" 
arm-none-eabi-gcc -mcpu=cortex-m0plus -mthumb -mthumb-interwork -Os -fmessage-length=0 -fsigned-char -ffunction-sections -fdata-sections -Wall -g3 "-ID:\\project\\客诉\\HC32L110_DDL_Rev1.3.1\\driver\\inc" "-ID:\\project\\客诉\\HC32L110_DDL_Rev1.3.1\\mcu\\CMSIS\\Core\\Include" "-ID:\\project\\客诉\\HC32L110_DDL_Rev1.3.1\\example\\lpuart\\lpuart_nomal\\source" "-ID:\\project\\客诉\\HC32L110_DDL_Rev1.3.1\\mcu\\common" -std=gnu99 -c -o "DRIVER\\src\\i2c.o" "..\\..\\..\\..\\..\\..\\HC32L110_DDL_Rev1.3.1\\driver\\src\\i2c.c" 
arm-none-eabi-gcc -mcpu=cortex-m0plus -mthumb -mthumb-interwork -Os -fmessage-length=0 -fsigned-char -ffunction-sections -fdata-sections -Wall -g3 "-ID:\\project\\客诉\\HC32L110_DDL_Rev1.3.1\\driver\\inc" "-ID:\\project\\客诉\\HC32L110_DDL_Rev1.3.1\\mcu\\CMSIS\\Core\\Include" "-ID:\\project\\客诉\\HC32L110_DDL_Rev1.3.1\\example\\lpuart\\lpuart_nomal\\source" "-ID:\\project\\客诉\\HC32L110_DDL_Rev1.3.1\\mcu\\common" -std=gnu99 -c -o "DRIVER\\src\\uart.o" "..\\..\\..\\..\\..\\..\\HC32L110_DDL_Rev1.3.1\\driver\\src\\uart.c" 
arm-none-eabi-gcc -mcpu=cortex-m0plus -mthumb -mthumb-interwork -Os -fmessage-length=0 -fsigned-char -ffunction-sections -fdata-sections -Wall -g3 "-ID:\\project\\客诉\\HC32L110_DDL_Rev1.3.1\\driver\\inc" "-ID:\\project\\客诉\\HC32L110_DDL_Rev1.3.1\\mcu\\CMSIS\\Core\\Include" "-ID:\\project\\客诉\\HC32L110_DDL_Rev1.3.1\\example\\lpuart\\lpuart_nomal\\source" "-ID:\\project\\客诉\\HC32L110_DDL_Rev1.3.1\\mcu\\common" -std=gnu99 -c -o "SOURCE\\main.o" "..\\..\\..\\..\\..\\..\\HC32L110_DDL_Rev1.3.1\\example\\lpuart\\lpuart_nomal\\source\\main.c" 
..\..\..\..\..\..\HC32L110_DDL_Rev1.3.1\example\lpuart\lpuart_nomal\source\main.c:111:9: warning: return type of 'main' is not 'int' [-Wmain]
  111 | int32_t main(void)
      |         ^~~~
arm-none-eabi-gcc -mcpu=cortex-m0plus -mthumb -mthumb-interwork -Os -fmessage-length=0 -fsigned-char -ffunction-sections -fdata-sections -Wall -g3 "-ID:\\project\\客诉\\HC32L110_DDL_Rev1.3.1\\driver\\inc" "-ID:\\project\\客诉\\HC32L110_DDL_Rev1.3.1\\mcu\\CMSIS\\Core\\Include" "-ID:\\project\\客诉\\HC32L110_DDL_Rev1.3.1\\example\\lpuart\\lpuart_nomal\\source" "-ID:\\project\\客诉\\HC32L110_DDL_Rev1.3.1\\mcu\\common" -std=gnu99 -c -o "DRIVER\\src\\gpio.o" "..\\..\\..\\..\\..\\..\\HC32L110_DDL_Rev1.3.1\\driver\\src\\gpio.c" 
arm-none-eabi-gcc -mcpu=cortex-m0plus -mthumb -mthumb-interwork -Os -fmessage-length=0 -fsigned-char -ffunction-sections -fdata-sections -Wall -g3 "-ID:\\project\\客诉\\HC32L110_DDL_Rev1.3.1\\driver\\inc" "-ID:\\project\\客诉\\HC32L110_DDL_Rev1.3.1\\mcu\\CMSIS\\Core\\Include" "-ID:\\project\\客诉\\HC32L110_DDL_Rev1.3.1\\example\\lpuart\\lpuart_nomal\\source" "-ID:\\project\\客诉\\HC32L110_DDL_Rev1.3.1\\mcu\\common" -std=gnu99 -c -o "DRIVER\\src\\lvd.o" "..\\..\\..\\..\\..\\..\\HC32L110_DDL_Rev1.3.1\\driver\\src\\lvd.c" 
arm-none-eabi-gcc -mcpu=cortex-m0plus -mthumb -mthumb-interwork -Os -fmessage-length=0 -fsigned-char -ffunction-sections -fdata-sections -Wall -g3 "-ID:\\project\\客诉\\HC32L110_DDL_Rev1.3.1\\driver\\inc" "-ID:\\project\\客诉\\HC32L110_DDL_Rev1.3.1\\mcu\\CMSIS\\Core\\Include" "-ID:\\project\\客诉\\HC32L110_DDL_Rev1.3.1\\example\\lpuart\\lpuart_nomal\\source" "-ID:\\project\\客诉\\HC32L110_DDL_Rev1.3.1\\mcu\\common" -std=gnu99 -c -o "DRIVER\\src\\crc.o" "..\\..\\..\\..\\..\\..\\HC32L110_DDL_Rev1.3.1\\driver\\src\\crc.c" 
arm-none-eabi-gcc -mcpu=cortex-m0plus -mthumb -mthumb-interwork -Os -fmessage-length=0 -fsigned-char -ffunction-sections -fdata-sections -Wall -g3 "-ID:\\project\\客诉\\HC32L110_DDL_Rev1.3.1\\driver\\inc" "-ID:\\project\\客诉\\HC32L110_DDL_Rev1.3.1\\mcu\\CMSIS\\Core\\Include" "-ID:\\project\\客诉\\HC32L110_DDL_Rev1.3.1\\example\\lpuart\\lpuart_nomal\\source" "-ID:\\project\\客诉\\HC32L110_DDL_Rev1.3.1\\mcu\\common" -std=gnu99 -c -o "DRIVER\\src\\ddl.o" "..\\..\\..\\..\\..\\..\\HC32L110_DDL_Rev1.3.1\\driver\\src\\ddl.c" 
arm-none-eabi-gcc -mcpu=cortex-m0plus -mthumb -mthumb-interwork -Os -fmessage-length=0 -fsigned-char -ffunction-sections -fdata-sections -Wall -g3 "-ID:\\project\\客诉\\HC32L110_DDL_Rev1.3.1\\driver\\inc" "-ID:\\project\\客诉\\HC32L110_DDL_Rev1.3.1\\mcu\\CMSIS\\Core\\Include" "-ID:\\project\\客诉\\HC32L110_DDL_Rev1.3.1\\example\\lpuart\\lpuart_nomal\\source" "-ID:\\project\\客诉\\HC32L110_DDL_Rev1.3.1\\mcu\\common" -std=gnu99 -c -o "COMMON\\system_hc32l110.o" "..\\..\\..\\..\\..\\..\\HC32L110_DDL_Rev1.3.1\\mcu\\common\\system_hc32l110.c" 
arm-none-eabi-gcc -mcpu=cortex-m0plus -mthumb -mthumb-interwork -Os -fmessage-length=0 -fsigned-char -ffunction-sections -fdata-sections -Wall -g3 "-ID:\\project\\客诉\\HC32L110_DDL_Rev1.3.1\\driver\\inc" "-ID:\\project\\客诉\\HC32L110_DDL_Rev1.3.1\\mcu\\CMSIS\\Core\\Include" "-ID:\\project\\客诉\\HC32L110_DDL_Rev1.3.1\\example\\lpuart\\lpuart_nomal\\source" "-ID:\\project\\客诉\\HC32L110_DDL_Rev1.3.1\\mcu\\common" -std=gnu99 -c -o "DRIVER\\src\\lpm.o" "..\\..\\..\\..\\..\\..\\HC32L110_DDL_Rev1.3.1\\driver\\src\\lpm.c" 
arm-none-eabi-gcc -mcpu=cortex-m0plus -mthumb -mthumb-interwork -Os -fmessage-length=0 -fsigned-char -ffunction-sections -fdata-sections -Wall -g3 "-ID:\\project\\客诉\\HC32L110_DDL_Rev1.3.1\\driver\\inc" "-ID:\\project\\客诉\\HC32L110_DDL_Rev1.3.1\\mcu\\CMSIS\\Core\\Include" "-ID:\\project\\客诉\\HC32L110_DDL_Rev1.3.1\\example\\lpuart\\lpuart_nomal\\source" "-ID:\\project\\客诉\\HC32L110_DDL_Rev1.3.1\\mcu\\common" -std=gnu99 -c -o "DRIVER\\src\\trim.o" "..\\..\\..\\..\\..\\..\\HC32L110_DDL_Rev1.3.1\\driver\\src\\trim.c" 
arm-none-eabi-gcc -mcpu=cortex-m0plus -mthumb -mthumb-interwork -Os -fmessage-length=0 -fsigned-char -ffunction-sections -fdata-sections -Wall -g3 "-ID:\\project\\客诉\\HC32L110_DDL_Rev1.3.1\\driver\\inc" "-ID:\\project\\客诉\\HC32L110_DDL_Rev1.3.1\\mcu\\CMSIS\\Core\\Include" "-ID:\\project\\客诉\\HC32L110_DDL_Rev1.3.1\\example\\lpuart\\lpuart_nomal\\source" "-ID:\\project\\客诉\\HC32L110_DDL_Rev1.3.1\\mcu\\common" -std=gnu99 -c -o "DRIVER\\src\\adt.o" "..\\..\\..\\..\\..\\..\\HC32L110_DDL_Rev1.3.1\\driver\\src\\adt.c" 
arm-none-eabi-gcc -mcpu=cortex-m0plus -mthumb -mthumb-interwork -Os -fmessage-length=0 -fsigned-char -ffunction-sections -fdata-sections -Wall -g3 "-ID:\\project\\客诉\\HC32L110_DDL_Rev1.3.1\\driver\\inc" "-ID:\\project\\客诉\\HC32L110_DDL_Rev1.3.1\\mcu\\CMSIS\\Core\\Include" "-ID:\\project\\客诉\\HC32L110_DDL_Rev1.3.1\\example\\lpuart\\lpuart_nomal\\source" "-ID:\\project\\客诉\\HC32L110_DDL_Rev1.3.1\\mcu\\common" -std=gnu99 -c -o "DRIVER\\src\\wdt.o" "..\\..\\..\\..\\..\\..\\HC32L110_DDL_Rev1.3.1\\driver\\src\\wdt.c" 
arm-none-eabi-gcc -mcpu=cortex-m0plus -mthumb -mthumb-interwork -Os -fmessage-length=0 -fsigned-char -ffunction-sections -fdata-sections -Wall -g3 "-ID:\\project\\客诉\\HC32L110_DDL_Rev1.3.1\\driver\\inc" "-ID:\\project\\客诉\\HC32L110_DDL_Rev1.3.1\\mcu\\CMSIS\\Core\\Include" "-ID:\\project\\客诉\\HC32L110_DDL_Rev1.3.1\\example\\lpuart\\lpuart_nomal\\source" "-ID:\\project\\客诉\\HC32L110_DDL_Rev1.3.1\\mcu\\common" -std=gnu99 -c -o "DRIVER\\src\\interrupts_hc32l110.o" "..\\..\\..\\..\\..\\..\\HC32L110_DDL_Rev1.3.1\\driver\\src\\interrupts_hc32l110.c" 
arm-none-eabi-gcc -mcpu=cortex-m0plus -mthumb -mthumb-interwork -Os -fmessage-length=0 -fsigned-char -ffunction-sections -fdata-sections -Wall -g3 "-ID:\\project\\客诉\\HC32L110_DDL_Rev1.3.1\\driver\\inc" "-ID:\\project\\客诉\\HC32L110_DDL_Rev1.3.1\\mcu\\CMSIS\\Core\\Include" "-ID:\\project\\客诉\\HC32L110_DDL_Rev1.3.1\\example\\lpuart\\lpuart_nomal\\source" "-ID:\\project\\客诉\\HC32L110_DDL_Rev1.3.1\\mcu\\common" -std=gnu99 -c -o "DRIVER\\src\\adc.o" "..\\..\\..\\..\\..\\..\\HC32L110_DDL_Rev1.3.1\\driver\\src\\adc.c" 
arm-none-eabi-gcc -mcpu=cortex-m0plus -mthumb -mthumb-interwork -Os -fmessage-length=0 -fsigned-char -ffunction-sections -fdata-sections -Wall -g3 "-ID:\\project\\客诉\\HC32L110_DDL_Rev1.3.1\\driver\\inc" "-ID:\\project\\客诉\\HC32L110_DDL_Rev1.3.1\\mcu\\CMSIS\\Core\\Include" "-ID:\\project\\客诉\\HC32L110_DDL_Rev1.3.1\\example\\lpuart\\lpuart_nomal\\source" "-ID:\\project\\客诉\\HC32L110_DDL_Rev1.3.1\\mcu\\common" -std=gnu99 -c -o "DRIVER\\src\\bt.o" "..\\..\\..\\..\\..\\..\\HC32L110_DDL_Rev1.3.1\\driver\\src\\bt.c" 
arm-none-eabi-gcc -mcpu=cortex-m0plus -mthumb -mthumb-interwork -Os -fmessage-length=0 -fsigned-char -ffunction-sections -fdata-sections -Wall -g3 "-ID:\\project\\客诉\\HC32L110_DDL_Rev1.3.1\\driver\\inc" "-ID:\\project\\客诉\\HC32L110_DDL_Rev1.3.1\\mcu\\CMSIS\\Core\\Include" "-ID:\\project\\客诉\\HC32L110_DDL_Rev1.3.1\\example\\lpuart\\lpuart_nomal\\source" "-ID:\\project\\客诉\\HC32L110_DDL_Rev1.3.1\\mcu\\common" -std=gnu99 -c -o "DRIVER\\src\\pca.o" "..\\..\\..\\..\\..\\..\\HC32L110_DDL_Rev1.3.1\\driver\\src\\pca.c" 
arm-none-eabi-gcc -mcpu=cortex-m0plus -mthumb -mthumb-interwork -Os -fmessage-length=0 -fsigned-char -ffunction-sections -fdata-sections -Wall -g3 "-ID:\\project\\客诉\\HC32L110_DDL_Rev1.3.1\\driver\\inc" "-ID:\\project\\客诉\\HC32L110_DDL_Rev1.3.1\\mcu\\CMSIS\\Core\\Include" "-ID:\\project\\客诉\\HC32L110_DDL_Rev1.3.1\\example\\lpuart\\lpuart_nomal\\source" "-ID:\\project\\客诉\\HC32L110_DDL_Rev1.3.1\\mcu\\common" -std=gnu99 -c -o "DRIVER\\src\\lpuart.o" "..\\..\\..\\..\\..\\..\\HC32L110_DDL_Rev1.3.1\\driver\\src\\lpuart.c" 
arm-none-eabi-gcc -mcpu=cortex-m0plus -mthumb -mthumb-interwork -Os -fmessage-length=0 -fsigned-char -ffunction-sections -fdata-sections -Wall -g3 "-ID:\\project\\客诉\\HC32L110_DDL_Rev1.3.1\\driver\\inc" "-ID:\\project\\客诉\\HC32L110_DDL_Rev1.3.1\\mcu\\CMSIS\\Core\\Include" "-ID:\\project\\客诉\\HC32L110_DDL_Rev1.3.1\\example\\lpuart\\lpuart_nomal\\source" "-ID:\\project\\客诉\\HC32L110_DDL_Rev1.3.1\\mcu\\common" -std=gnu99 -c -o "DRIVER\\src\\reset.o" "..\\..\\..\\..\\..\\..\\HC32L110_DDL_Rev1.3.1\\driver\\src\\reset.c" 
arm-none-eabi-gcc -mcpu=cortex-m0plus -mthumb -mthumb-interwork -Os -fmessage-length=0 -fsigned-char -ffunction-sections -fdata-sections -Wall -g3 "-ID:\\project\\客诉\\HC32L110_DDL_Rev1.3.1\\driver\\inc" "-ID:\\project\\客诉\\HC32L110_DDL_Rev1.3.1\\mcu\\CMSIS\\Core\\Include" "-ID:\\project\\客诉\\HC32L110_DDL_Rev1.3.1\\example\\lpuart\\lpuart_nomal\\source" "-ID:\\project\\客诉\\HC32L110_DDL_Rev1.3.1\\mcu\\common" -std=gnu99 -c -o "DRIVER\\src\\vc.o" "..\\..\\..\\..\\..\\..\\HC32L110_DDL_Rev1.3.1\\driver\\src\\vc.c" 
arm-none-eabi-gcc -mcpu=cortex-m0plus -mthumb -mthumb-interwork -Os -fmessage-length=0 -fsigned-char -ffunction-sections -fdata-sections -Wall -g3 "-ID:\\project\\客诉\\HC32L110_DDL_Rev1.3.1\\driver\\inc" "-ID:\\project\\客诉\\HC32L110_DDL_Rev1.3.1\\mcu\\CMSIS\\Core\\Include" "-ID:\\project\\客诉\\HC32L110_DDL_Rev1.3.1\\example\\lpuart\\lpuart_nomal\\source" "-ID:\\project\\客诉\\HC32L110_DDL_Rev1.3.1\\mcu\\common" -std=gnu99 -c -o "DRIVER\\src\\flash.o" "..\\..\\..\\..\\..\\..\\HC32L110_DDL_Rev1.3.1\\driver\\src\\flash.c" 
arm-none-eabi-gcc -mcpu=cortex-m0plus -mthumb -mthumb-interwork -Os -fmessage-length=0 -fsigned-char -ffunction-sections -fdata-sections -Wall -g3 -T "D:\\project\\客诉\\HC32L110_DDL_Rev1.3.1\\mcu\\GCC\\HC32L110.ld" -Xlinker --gc-sections -Wl,-Map,lpuart_nomal.map --specs=nano.specs --specs=nosys.specs -o lpuart_nomal.elf "COMMON\\system_hc32l110.o" "DRIVER\\src\\adc.o" "DRIVER\\src\\adt.o" "DRIVER\\src\\bt.o" "DRIVER\\src\\clk.o" "DRIVER\\src\\crc.o" "DRIVER\\src\\ddl.o" "DRIVER\\src\\flash.o" "DRIVER\\src\\gpio.o" "DRIVER\\src\\i2c.o" "DRIVER\\src\\interrupts_hc32l110.o" "DRIVER\\src\\lpm.o" "DRIVER\\src\\lpt.o" "DRIVER\\src\\lpuart.o" "DRIVER\\src\\lvd.o" "DRIVER\\src\\pca.o" "DRIVER\\src\\reset.o" "DRIVER\\src\\rtc.o" "DRIVER\\src\\spi.o" "DRIVER\\src\\trim.o" "DRIVER\\src\\uart.o" "DRIVER\\src\\vc.o" "DRIVER\\src\\wdt.o" "SOURCE\\main.o" 
d:/software/gcc-arm-none-eabi-10.3-2021.10-win32/gcc-arm-none-eabi-10.3-2021.10/bin/../lib/gcc/arm-none-eabi/10.3.1/../../../../arm-none-eabi/bin/ld.exe: warning: cannot find entry symbol Reset_Handler; defaulting to 00000000
arm-none-eabi-size --format=berkeley lpuart_nomal.elf 
   text	   data	    bss	    dec	    hex	filename
     96	      8	    544	    648	    288	lpuart_nomal.elf
arm-none-eabi-objcopy -O ihex lpuart_nomal.elf lpuart_nomal.hex 

14:47:03 Build Finished. 0 errors, 3 warnings. (took 6s.428ms)

